
> karmic-jyotisa@0.1.0 build
> next build

  Ôû▓ Next.js 14.2.32

   Creating an optimized production build ...
 Ô£ô Compiled successfully
   Linting and checking validity of types ...
   Collecting page data ...
   Generating static pages (0/4) ...
   Generating static pages (1/4) 
   Generating static pages (2/4) 
   Generating static pages (3/4) 
 Ô£ô Generating static pages (4/4)
   Finalizing page optimization ...
   Collecting build traces ...

Route (app)                              Size     First Load JS
Ôöî Ôùï /                                    4.09 kB        91.2 kB
Ôöö Ôùï /_not-found                          873 B            88 kB
+ First Load JS shared by all            87.1 kB
  Ôö£ chunks/117-a94b638f29f91bcd.js       31.6 kB
  Ôö£ chunks/fd9d1056-20a81dd363b98401.js  53.6 kB
  Ôöö other shared chunks (total)          1.86 kB


Ôùï  (Static)  prerendered as static content

